=== ffm
Usage:
  ffm [command]

Available Commands:
  agent       Turn a dev bench's agent-ready profile on or off (bare: show it)
  backup      Archive a bench's site into a single restorable file
  clean       Remove volumes and images left by deleted benches (and, opt-in, Docker caches)
  clean-logs  Delete old log table rows to reclaim database space
  clone       Copy a bench, its site's data and app commits, to a new bench
  console     Open bench console (Python REPL with the site loaded)
  create      Create and start a new Frappe bench
  dashboard   Web dashboard for managing Frappe benches
  db          Open the site's database console, or import/export its database
  debug       Run a dev bench's web server under debugpy (on / off / status)
  delete      Delete a bench and all its data
  doctor      Check that benches are healthy, not just running
  domain      Manage extra hostnames that route to a bench
  ffc         Generate Frappe API keys and configure ffc inside a bench
  list        List all managed benches
  login       Open a dev bench's desk already logged in (Administrator by default)
  logs        Stream logs from a bench (all services or one)
  mail        Open the Mailpit inbox that catches a dev bench's outgoing mail
  notify      Where ffm reports failed scheduled backups, verifies and checks (add / list / remove / test)
  open        Open a bench's site (or its Mailpit, or the Traefik dashboard) in the browser
  poweroff    Stop every running bench and the shared proxy
  proxy       Manage the shared Traefik reverse proxy (sitename.localhost routing)
  reconcile   Apply this ffm version's templates to an existing bench without losing data
  recreate    Delete a bench and provision it again from saved settings
  restart     Restart a bench (stop then start)
  restore     Rebuild a bench from a backup archive
  set-proxy   Configure a bench to run behind a reverse proxy
  shell       Open an interactive shell inside a bench container
  snapshot    Quick local rollback points for a bench's database (create / list / restore / delete)
  start       Start a stopped bench
  status      Show per-container status for a bench
  stop        Stop a running bench (containers remain, data preserved)
  test        Run an app's tests on a dev bench
  tunnel      Expose a bench over a secure public URL via a VPS tunnel
  update      Update ffm to the latest version
  version     Print the ffm version

Flags:
      --non-interactive   Never open interactive prompts; fail with a message naming the missing flag instead. Implied when $CI or $FFM_NON_INTERACTIVE is set, or when there is no controlling terminal (set $FFM_INTERACTIVE=1 to force prompting back on)
      --verbose           Show docker compose output

Use "ffm [command] --help" for more information about a command.

=== ffm agent
Usage:
  ffm agent [bench] [flags]
  ffm agent [command]

Available Commands:
  off         Put ffc and MCP back on Administrator and disable the agent user
  on          Give ffc and MCP a dedicated agent user

Global Flags:
      --non-interactive   Never open interactive prompts; fail with a message naming the missing flag instead. Implied when $CI or $FFM_NON_INTERACTIVE is set, or when there is no controlling terminal (set $FFM_INTERACTIVE=1 to force prompting back on)
      --verbose           Show docker compose output

Use "ffm agent [command] --help" for more information about a command.

=== ffm agent off
Usage:
  ffm agent off [bench] [flags]

Global Flags:
      --non-interactive   Never open interactive prompts; fail with a message naming the missing flag instead. Implied when $CI or $FFM_NON_INTERACTIVE is set, or when there is no controlling terminal (set $FFM_INTERACTIVE=1 to force prompting back on)
      --verbose           Show docker compose output

=== ffm agent on
Usage:
  ffm agent on [bench] [flags]

Flags:
      --read-only   Limit the MCP server to read tools

Global Flags:
      --non-interactive   Never open interactive prompts; fail with a message naming the missing flag instead. Implied when $CI or $FFM_NON_INTERACTIVE is set, or when there is no controlling terminal (set $FFM_INTERACTIVE=1 to force prompting back on)
      --verbose           Show docker compose output

=== ffm backup
Usage:
  ffm backup [name] [flags]
  ffm backup [command]

Examples:
  ffm backup
  ffm backup mybench
  ffm backup mybench --out ~/archives
  ffm backup mybench --no-files --label "before the v16 upgrade"
  ffm backup mybench --vendor-apps my_app
  ffm backup mybench --encrypt
  ffm backup mybench --to r2

Available Commands:
  key         Manage the age keys backups are encrypted to (init / add / list)
  list        List backup archives, newest first
  prune       Apply a bench's retention policy to its scheduled archives now
  pull        Download a bench's archive from a target (the newest unless --archive)
  run-due     Back up every bench whose schedule is due (run by the hourly system job)
  schedule    Back a bench up automatically, keeping a bounded set of archives
  scheduler   Manage the hourly system job that runs scheduled backups
  target      Manage off-host backup targets: S3, SFTP, a mounted directory or rclone
  verify      Prove an archive restores: checksums, dump, and with --restore a real restore

Flags:
      --encrypt               Encrypt the archive with age to the keys from 'ffm backup key init'
      --label string          Short note recorded in the archive
      --no-files              Skip file attachments and archive the database only
      --out string            Directory to write the archive into, or an explicit path ending in .tar (default: ~/frappe/_backups/<bench>/, overridable with $FFM_BACKUPS_DIR)
      --skip-space-check      Write the archive without checking free disk space first
      --to strings            Also upload the archive to these backup targets (implies --encrypt; a failed upload fails the backup)
      --vendor-apps strings   Also archive the source of these apps (comma-separated, or 'all'), uncommitted changes included. Apps that cannot be cloned back are archived regardless

Global Flags:
      --non-interactive   Never open interactive prompts; fail with a message naming the missing flag instead. Implied when $CI or $FFM_NON_INTERACTIVE is set, or when there is no controlling terminal (set $FFM_INTERACTIVE=1 to force prompting back on)
      --verbose           Show docker compose output

Use "ffm backup [command] --help" for more information about a command.

=== ffm backup key
Usage:
  ffm backup key [flags]
  ffm backup key [command]

Available Commands:
  add         Also encrypt to another public key (age1…), e.g. an offline one
  init        Create a key pair: keep the identity, ffm keeps the public key
  list        Show the public keys backups are encrypted to

Global Flags:
      --non-interactive   Never open interactive prompts; fail with a message naming the missing flag instead. Implied when $CI or $FFM_NON_INTERACTIVE is set, or when there is no controlling terminal (set $FFM_INTERACTIVE=1 to force prompting back on)
      --verbose           Show docker compose output

Use "ffm backup key [command] --help" for more information about a command.

=== ffm backup key add
Usage:
  ffm backup key add <age-recipient> [flags]

Global Flags:
      --non-interactive   Never open interactive prompts; fail with a message naming the missing flag instead. Implied when $CI or $FFM_NON_INTERACTIVE is set, or when there is no controlling terminal (set $FFM_INTERACTIVE=1 to force prompting back on)
      --verbose           Show docker compose output

=== ffm backup key init
Usage:
  ffm backup key init [flags]

Flags:
      --add          Add a key even though backups already have one
      --out string   Write the identity to this new file (0600) instead of printing it

Global Flags:
      --non-interactive   Never open interactive prompts; fail with a message naming the missing flag instead. Implied when $CI or $FFM_NON_INTERACTIVE is set, or when there is no controlling terminal (set $FFM_INTERACTIVE=1 to force prompting back on)
      --verbose           Show docker compose output

=== ffm backup key list
Usage:
  ffm backup key list [flags]

Global Flags:
      --non-interactive   Never open interactive prompts; fail with a message naming the missing flag instead. Implied when $CI or $FFM_NON_INTERACTIVE is set, or when there is no controlling terminal (set $FFM_INTERACTIVE=1 to force prompting back on)
      --verbose           Show docker compose output

=== ffm backup list
Usage:
  ffm backup list [bench] [flags]

Examples:
  ffm backup list
  ffm backup list mybench

Flags:
      --json            Print machine-readable JSON (schema ffm.backups/v1)
      --target string   List the bench's archives on this backup target instead

Global Flags:
      --non-interactive   Never open interactive prompts; fail with a message naming the missing flag instead. Implied when $CI or $FFM_NON_INTERACTIVE is set, or when there is no controlling terminal (set $FFM_INTERACTIVE=1 to force prompting back on)
      --verbose           Show docker compose output

=== ffm backup prune
Usage:
  ffm backup prune <bench> [flags]

Examples:
  ffm backup prune mybench --dry-run
  ffm backup prune mybench

Flags:
      --dry-run   Show what would be removed without removing it

Global Flags:
      --non-interactive   Never open interactive prompts; fail with a message naming the missing flag instead. Implied when $CI or $FFM_NON_INTERACTIVE is set, or when there is no controlling terminal (set $FFM_INTERACTIVE=1 to force prompting back on)
      --verbose           Show docker compose output

=== ffm backup pull
Usage:
  ffm backup pull <target> <bench> [flags]

Flags:
      --archive string   File name of the archive (default: the newest)

Global Flags:
      --non-interactive   Never open interactive prompts; fail with a message naming the missing flag instead. Implied when $CI or $FFM_NON_INTERACTIVE is set, or when there is no controlling terminal (set $FFM_INTERACTIVE=1 to force prompting back on)
      --verbose           Show docker compose output

=== ffm backup run-due
Usage:
  ffm backup run-due [flags]

Flags:
      --dry-run      Report which benches are due without backing anything up
      --log string   Append results to this file (rotated at 1 MiB) instead of stdout

Global Flags:
      --non-interactive   Never open interactive prompts; fail with a message naming the missing flag instead. Implied when $CI or $FFM_NON_INTERACTIVE is set, or when there is no controlling terminal (set $FFM_INTERACTIVE=1 to force prompting back on)
      --verbose           Show docker compose output

=== ffm backup schedule
Usage:
  ffm backup schedule [bench] [flags]

Examples:
  ffm backup schedule mybench --every 24h
  ffm backup schedule mybench --every 1h --files weekly
  ffm backup schedule mybench --every weekly --keep 3
  ffm backup schedule mybench --off
  ffm backup schedule

Flags:
      --encrypt           Encrypt scheduled archives with age (ffm backup key init); --encrypt=false turns it off
      --every string      Interval: 1h, 6h, 24h, 168h (whole hours), or hourly/daily/weekly (default "24h")
      --files string      Include attachments: every-run, daily, weekly or never
      --json              With no bench: print every schedule as machine-readable JSON (schema ffm.schedules/v1)
      --keep int          Keep N archives of the tier matching --every
      --keep-daily int    Keep the newest archive of each of the last N days
      --keep-hourly int   Keep the newest archive of each of the last N hours
      --keep-weekly int   Keep the newest archive of each of the last N weeks
      --no-install        Save the schedule without installing or removing the hourly system job
      --off               Stop scheduled backups for the bench (archives are kept)
      --to strings        Upload every scheduled archive to these targets (encrypted; retention applies there too); --to '' stops uploading

Global Flags:
      --non-interactive   Never open interactive prompts; fail with a message naming the missing flag instead. Implied when $CI or $FFM_NON_INTERACTIVE is set, or when there is no controlling terminal (set $FFM_INTERACTIVE=1 to force prompting back on)
      --verbose           Show docker compose output

=== ffm backup scheduler
Usage:
  ffm backup scheduler [command]

Available Commands:
  install     Install or update the hourly job
  print       Print the job for installing it by hand
  status      Show whether the hourly job is installed and still valid
  uninstall   Remove the hourly job (schedules are kept but stop running)

Global Flags:
      --non-interactive   Never open interactive prompts; fail with a message naming the missing flag instead. Implied when $CI or $FFM_NON_INTERACTIVE is set, or when there is no controlling terminal (set $FFM_INTERACTIVE=1 to force prompting back on)
      --verbose           Show docker compose output

Use "ffm backup scheduler [command] --help" for more information about a command.

=== ffm backup scheduler install
Usage:
  ffm backup scheduler install [flags]

Flags:
      --force   Take over a job installed for another ffm configuration

Global Flags:
      --non-interactive   Never open interactive prompts; fail with a message naming the missing flag instead. Implied when $CI or $FFM_NON_INTERACTIVE is set, or when there is no controlling terminal (set $FFM_INTERACTIVE=1 to force prompting back on)
      --verbose           Show docker compose output

=== ffm backup scheduler print
Usage:
  ffm backup scheduler print [flags]

Global Flags:
      --non-interactive   Never open interactive prompts; fail with a message naming the missing flag instead. Implied when $CI or $FFM_NON_INTERACTIVE is set, or when there is no controlling terminal (set $FFM_INTERACTIVE=1 to force prompting back on)
      --verbose           Show docker compose output

=== ffm backup scheduler status
Usage:
  ffm backup scheduler status [flags]

Global Flags:
      --non-interactive   Never open interactive prompts; fail with a message naming the missing flag instead. Implied when $CI or $FFM_NON_INTERACTIVE is set, or when there is no controlling terminal (set $FFM_INTERACTIVE=1 to force prompting back on)
      --verbose           Show docker compose output

=== ffm backup scheduler uninstall
Usage:
  ffm backup scheduler uninstall [flags]

Flags:
      --force   Remove the job even when another ffm configuration installed it

Global Flags:
      --non-interactive   Never open interactive prompts; fail with a message naming the missing flag instead. Implied when $CI or $FFM_NON_INTERACTIVE is set, or when there is no controlling terminal (set $FFM_INTERACTIVE=1 to force prompting back on)
      --verbose           Show docker compose output

=== ffm backup target
Usage:
  ffm backup target [flags]
  ffm backup target [command]

Available Commands:
  add         Add a target; it is tested (write, list, read, delete) before it is saved
  list        List backup targets (no secrets)
  remove      Forget a target (archives stored on it are left alone)
  test        Write, list, read back and delete a small object on a target

Global Flags:
      --non-interactive   Never open interactive prompts; fail with a message naming the missing flag instead. Implied when $CI or $FFM_NON_INTERACTIVE is set, or when there is no controlling terminal (set $FFM_INTERACTIVE=1 to force prompting back on)
      --verbose           Show docker compose output

Use "ffm backup target [command] --help" for more information about a command.

=== ffm backup target add
Usage:
  ffm backup target add <name> [flags]

Examples:
  echo "$SECRET" | ffm backup target add r2 --type s3 --endpoint <account>.r2.cloudflarestorage.com \
      --bucket backups --access-key-id <id> --secret-access-key-stdin
  ffm backup target add box --type sftp --host backup.example.com --user ffm \
      --key-file ~/.ssh/ffm_backup --path /backups --accept-host-key
  ffm backup target add nas --type local --path /mnt/nas/ffm
  ffm backup target add drive --type rclone --remote gdrive:ffm-backups

Flags:
      --accept-host-key                 sftp: fetch the server's host key now and pin it
      --access-key-id string            s3: access key id
      --bucket string                   s3: bucket (must exist)
      --endpoint string                 s3: endpoint host, e.g. s3.eu-west-1.amazonaws.com
      --host string                     sftp: server
      --host-key string                 sftp: the server's host key, as one line of ssh-keyscan output without the host
      --insecure                        s3: plain HTTP (a MinIO on a private network)
      --key-file string                 sftp: private key file (no passphrase; use a dedicated key)
      --no-test                         Save without testing the target
      --path string                     sftp: directory on the server; local: absolute directory
      --port int                        sftp: port (default 22)
      --prefix string                   Folder inside the target for ffm's archives
      --region string                   s3: region, when the provider needs one
      --remote string                   rclone: remote and path, e.g. gdrive:ffm (configured with rclone config)
      --replace                         Replace a target with the same name
      --secret-access-key-file string   s3: read the secret access key from this file at each use
      --secret-access-key-stdin         s3: read the secret access key from stdin
      --type string                     s3, sftp, local or rclone
      --user string                     sftp: user

Global Flags:
      --non-interactive   Never open interactive prompts; fail with a message naming the missing flag instead. Implied when $CI or $FFM_NON_INTERACTIVE is set, or when there is no controlling terminal (set $FFM_INTERACTIVE=1 to force prompting back on)
      --verbose           Show docker compose output

=== ffm backup target list
Usage:
  ffm backup target list [flags]

Flags:
      --json   Print as JSON (schema ffm.targets/v1)

Global Flags:
      --non-interactive   Never open interactive prompts; fail with a message naming the missing flag instead. Implied when $CI or $FFM_NON_INTERACTIVE is set, or when there is no controlling terminal (set $FFM_INTERACTIVE=1 to force prompting back on)
      --verbose           Show docker compose output

=== ffm backup target remove
Usage:
  ffm backup target remove <name> [flags]

Global Flags:
      --non-interactive   Never open interactive prompts; fail with a message naming the missing flag instead. Implied when $CI or $FFM_NON_INTERACTIVE is set, or when there is no controlling terminal (set $FFM_INTERACTIVE=1 to force prompting back on)
      --verbose           Show docker compose output

=== ffm backup target test
Usage:
  ffm backup target test <name> [flags]

Global Flags:
      --non-interactive   Never open interactive prompts; fail with a message naming the missing flag instead. Implied when $CI or $FFM_NON_INTERACTIVE is set, or when there is no controlling terminal (set $FFM_INTERACTIVE=1 to force prompting back on)
      --verbose           Show docker compose output

=== ffm backup verify
Usage:
  ffm backup verify [archive] [flags]

Examples:
  ffm backup verify ~/frappe/_backups/mybench/mybench_20261008T120000Z.ffm.tar
  ffm backup verify mybench_….ffm.tar.age --identity ~/ffm-backup.key --restore
  ffm backup verify --target r2 --bench mybench --identity ~/ffm-backup.key

Flags:
      --bench string      Bench whose archive --target verifies
      --identity string   age identity file for an encrypted archive. Env: FFM_AGE_IDENTITY_FILE
      --json              Print the result as JSON (schema ffm.verify/v1)
      --notify            Report the result through 'ffm notify' notifiers (for a cron job)
      --restore           Also restore into a throwaway bench, ping its site, and delete it
      --target string     Verify the newest archive on this backup target (needs --bench)

Global Flags:
      --non-interactive   Never open interactive prompts; fail with a message naming the missing flag instead. Implied when $CI or $FFM_NON_INTERACTIVE is set, or when there is no controlling terminal (set $FFM_INTERACTIVE=1 to force prompting back on)
      --verbose           Show docker compose output

=== ffm clean
Usage:
  ffm clean [flags]

Flags:
      --build-cache   Also prune Docker's build cache (shared with other projects)
      --dangling      Also remove untagged images (from any project)
      --dry-run       Only list what would be removed
      --json          Print the list as JSON (schema ffm.clean/v1)
      --seeds         Also remove the bench seeds ffm create copies instead of running bench init
      --yes           Do not ask before removing

Global Flags:
      --non-interactive   Never open interactive prompts; fail with a message naming the missing flag instead. Implied when $CI or $FFM_NON_INTERACTIVE is set, or when there is no controlling terminal (set $FFM_INTERACTIVE=1 to force prompting back on)
      --verbose           Show docker compose output

=== ffm clean-logs
Usage:
  ffm clean-logs [name] [flags]

Flags:
      --days int   Delete rows older than this many days (default 30)
      --dry-run    Print row counts without deleting anything
      --yes        Skip confirmation prompt

Global Flags:
      --non-interactive   Never open interactive prompts; fail with a message naming the missing flag instead. Implied when $CI or $FFM_NON_INTERACTIVE is set, or when there is no controlling terminal (set $FFM_INTERACTIVE=1 to force prompting back on)
      --verbose           Show docker compose output

=== ffm clone
Usage:
  ffm clone <source> <new-name> [flags]

Examples:
  ffm clone mybench mybench-try
  ffm clone mybench scratch --vendor-apps myapp --no-files

Flags:
      --domain string         Domain of the copy (required when cloning a production bench)
      --keep-archive          Keep the intermediate backup archive
      --lan                   Publish the copy's ports on all interfaces
      --no-files              Leave the site's attachments behind
      --no-ssl                Production copy without Let's Encrypt
      --vendor-apps strings   Carry these apps' working trees, uncommitted changes included ('all' for every app)

Global Flags:
      --non-interactive   Never open interactive prompts; fail with a message naming the missing flag instead. Implied when $CI or $FFM_NON_INTERACTIVE is set, or when there is no controlling terminal (set $FFM_INTERACTIVE=1 to force prompting back on)
      --verbose           Show docker compose output

=== ffm console
Usage:
  ffm console [name] [flags]

Global Flags:
      --non-interactive   Never open interactive prompts; fail with a message naming the missing flag instead. Implied when $CI or $FFM_NON_INTERACTIVE is set, or when there is no controlling terminal (set $FFM_INTERACTIVE=1 to force prompting back on)
      --verbose           Show docker compose output

=== ffm create
Usage:
  ffm create <name> [flags]

Flags:
      --acme-email string            Email for Let's Encrypt certificates (required on first --mode prod bench with SSL)
      --admin-password string        Frappe site admin password (default "admin")
      --agent                        Agent-ready dev bench: ports on 127.0.0.1, no SSH agent, a random admin password unless you set one, and ffc/MCP acting as a dedicated System Manager user (agent@<site>) instead of Administrator
      --agent-read-only              Like --agent, with the MCP server limited to read tools
      --alias-tls                    Serve --domain-alias names over HTTPS with Let's Encrypt instead of plain HTTP. Production with SSL only; every alias must be publicly resolvable.
      --apps stringArray             Apps to install: short name (erpnext), URL (git@github.com:org/app.git), or URL@branch
      --db-password string           Database root password (default "ffm123456")
      --db-type string               Database engine: mariadb or postgres (default "mariadb")
      --domain string                Public domain for production (required for --mode prod), e.g. erp.example.com
      --domain-alias stringArray     Extra hostname the bench also answers on, e.g. erp.internal. Repeatable. Requires the shared proxy ('ffm proxy start') and DNS pointing the name at this host. Same as 'ffm domain add' after creation.
      --frappe-branch string         Frappe branch (version-16 or version-15) (default "version-16")
      --frappe-repo string           Custom Frappe repository URL with optional @branch suffix (e.g. https://github.com/your-org/frappe.git@main). Defaults to the official frappe/frappe repo.
      --github-token string          GitHub personal access token for private HTTPS repos
      --gunicorn-workers int         Number of gunicorn worker processes (prod only). Rule of thumb: 2*CPU+1. (default 2)
      --keep-on-failure              On failure, leave containers and the bench directory in place instead of rolling back, so logs survive for diagnosis. Env: FFM_KEEP_ON_FAILURE
      --lan                          Publish the bench's ports on all interfaces instead of 127.0.0.1 (needed to reach it from another machine, and for dev domain aliases). Refused with the default admin password
      --mariadb-buffer-pool string   InnoDB buffer pool size for MariaDB (e.g. 512M, 1G, 2G, 4G). Prod only; dev uses 256M. (default "1G")
      --mariadb-fast-commit          Prod + MariaDB: innodb_flush_log_at_trx_commit=2, faster commits that a crash can lose up to about a second of. The default (1) loses none
      --match-host-user              Build the image with the container's frappe user remapped to your uid/gid. Needed wherever your uid is not 1000 (e.g. GitHub-hosted runners, uid 1001), otherwise the ./workspace bind mount is unwritable from one side. Env: FFM_MATCH_HOST_USER
      --mode string                  Bench mode: dev or prod (default "dev")
      --no-seed                      Run bench init, get-app and bench build from the branch heads instead of copying a seed, and do not save one. Env: FFM_NO_SEED
      --no-ssl                       Skip Let's Encrypt SSL in production (handle TLS externally via Caddy/Nginx)
      --node string                  Node major version: 22 or 24. Default: 22 for version-15, 24 otherwise
      --proxy-host string            Public domain for reverse proxy, e.g. frappe.example.com (sets per-site host_name)
      --proxy-port int               Configure for reverse proxy: set socketio_port to this value (e.g. 443 for HTTPS, 80 for HTTP)
      --python string                Python version for the bench virtualenv: 3.12 or 3.14. Default: 3.12 for version-15, 3.14 otherwise
      --redis-cache-maxmem string    Redis cache maxmemory limit (e.g. 256mb, 512mb, 1gb). Uses allkeys-lru eviction. (default "512mb")
      --redis-queue-maxmem string    Redis queue maxmemory limit. Uses noeviction so jobs are never silently dropped. (default "512mb")
      --slow-query-log               Enable MariaDB slow query log (threshold: 2s). Writes to <bench>/mysql-logs/. Prod + MariaDB only.
      --socketio-port int            Fixed host Socket.IO port. Must equal --web-port + 1000.
      --ssh-agent                    Forward the host SSH agent into the dev frappe container, for SSH-URL private repos. Requires SSH_AUTH_SOCK
      --web-port int                 Fixed host web port instead of auto-allocating from 8000. Must be paired with --socketio-port (= web port + 1000). Each bench publishes a 6-port range, so parallel benches must be at least 10 apart.
      --worker-long-replicas int     Number of long-queue background worker replicas (prod only). (default 1)
      --worker-short-replicas int    Number of short-queue background worker replicas (prod only). (default 1)

Global Flags:
      --non-interactive   Never open interactive prompts; fail with a message naming the missing flag instead. Implied when $CI or $FFM_NON_INTERACTIVE is set, or when there is no controlling terminal (set $FFM_INTERACTIVE=1 to force prompting back on)
      --verbose           Show docker compose output

=== ffm dashboard
Usage:
  ffm dashboard [command]

Available Commands:
  logs        Show dashboard daemon log
  start       Start the web dashboard
  status      Show dashboard daemon status
  stop        Stop the background dashboard

Global Flags:
      --non-interactive   Never open interactive prompts; fail with a message naming the missing flag instead. Implied when $CI or $FFM_NON_INTERACTIVE is set, or when there is no controlling terminal (set $FFM_INTERACTIVE=1 to force prompting back on)
      --verbose           Show docker compose output

Use "ffm dashboard [command] --help" for more information about a command.

=== ffm dashboard logs
Usage:
  ffm dashboard logs [flags]

Flags:
  -f, --follow      Follow log output
      --lines int   Number of lines (default 50)

Global Flags:
      --non-interactive   Never open interactive prompts; fail with a message naming the missing flag instead. Implied when $CI or $FFM_NON_INTERACTIVE is set, or when there is no controlling terminal (set $FFM_INTERACTIVE=1 to force prompting back on)
      --verbose           Show docker compose output

=== ffm dashboard start
Usage:
  ffm dashboard start [flags]

Flags:
      --admin-password string   HTTP Basic password for /admin
  -d, --daemon                  Run in background
      --listen string           Listen address (default 127.0.0.1:8787)

Global Flags:
      --non-interactive   Never open interactive prompts; fail with a message naming the missing flag instead. Implied when $CI or $FFM_NON_INTERACTIVE is set, or when there is no controlling terminal (set $FFM_INTERACTIVE=1 to force prompting back on)
      --verbose           Show docker compose output

=== ffm dashboard status
Usage:
  ffm dashboard status [flags]

Global Flags:
      --non-interactive   Never open interactive prompts; fail with a message naming the missing flag instead. Implied when $CI or $FFM_NON_INTERACTIVE is set, or when there is no controlling terminal (set $FFM_INTERACTIVE=1 to force prompting back on)
      --verbose           Show docker compose output

=== ffm dashboard stop
Usage:
  ffm dashboard stop [flags]

Global Flags:
      --non-interactive   Never open interactive prompts; fail with a message naming the missing flag instead. Implied when $CI or $FFM_NON_INTERACTIVE is set, or when there is no controlling terminal (set $FFM_INTERACTIVE=1 to force prompting back on)
      --verbose           Show docker compose output

=== ffm db
Usage:
  ffm db [name] [flags]

Flags:
      --export string   Dump the site's database to this file (.sql or .sql.gz)
      --force           Overwrite the --export file if it exists
      --import string   Replace the site's database with this .sql or .sql.gz dump
      --migrate         Run bench migrate after --import
      --yes             Do not ask before --import replaces the database

Global Flags:
      --non-interactive   Never open interactive prompts; fail with a message naming the missing flag instead. Implied when $CI or $FFM_NON_INTERACTIVE is set, or when there is no controlling terminal (set $FFM_INTERACTIVE=1 to force prompting back on)
      --verbose           Show docker compose output

=== ffm debug
Usage:
  ffm debug [bench] [flags]
  ffm debug [command]

Available Commands:
  off         Run the web server normally again
  on          Run the web server under debugpy

Global Flags:
      --non-interactive   Never open interactive prompts; fail with a message naming the missing flag instead. Implied when $CI or $FFM_NON_INTERACTIVE is set, or when there is no controlling terminal (set $FFM_INTERACTIVE=1 to force prompting back on)
      --verbose           Show docker compose output

Use "ffm debug [command] --help" for more information about a command.

=== ffm debug off
Usage:
  ffm debug off [bench] [flags]

Global Flags:
      --non-interactive   Never open interactive prompts; fail with a message naming the missing flag instead. Implied when $CI or $FFM_NON_INTERACTIVE is set, or when there is no controlling terminal (set $FFM_INTERACTIVE=1 to force prompting back on)
      --verbose           Show docker compose output

=== ffm debug on
Usage:
  ffm debug on [bench] [flags]

Global Flags:
      --non-interactive   Never open interactive prompts; fail with a message naming the missing flag instead. Implied when $CI or $FFM_NON_INTERACTIVE is set, or when there is no controlling terminal (set $FFM_INTERACTIVE=1 to force prompting back on)
      --verbose           Show docker compose output

=== ffm delete
Usage:
  ffm delete [name] [flags]

Aliases:
  delete, rm, remove

Flags:
      --force       Skip confirmation prompt
      --no-backup   Do not back the bench up before deleting it

Global Flags:
      --non-interactive   Never open interactive prompts; fail with a message naming the missing flag instead. Implied when $CI or $FFM_NON_INTERACTIVE is set, or when there is no controlling terminal (set $FFM_INTERACTIVE=1 to force prompting back on)
      --verbose           Show docker compose output

=== ffm doctor
Usage:
  ffm doctor [bench] [flags]

Flags:
      --json     Print the report as JSON (schema ffm.doctor/v1)
      --notify   Send failures through 'ffm notify' notifiers

Global Flags:
      --non-interactive   Never open interactive prompts; fail with a message naming the missing flag instead. Implied when $CI or $FFM_NON_INTERACTIVE is set, or when there is no controlling terminal (set $FFM_INTERACTIVE=1 to force prompting back on)
      --verbose           Show docker compose output

=== ffm domain
Usage:
  ffm domain [flags]
  ffm domain [command]

Available Commands:
  add         Route an extra hostname to a bench
  list        List the hostnames routed to a bench
  remove      Stop routing a hostname to a bench

Global Flags:
      --non-interactive   Never open interactive prompts; fail with a message naming the missing flag instead. Implied when $CI or $FFM_NON_INTERACTIVE is set, or when there is no controlling terminal (set $FFM_INTERACTIVE=1 to force prompting back on)
      --verbose           Show docker compose output

Use "ffm domain [command] --help" for more information about a command.

=== ffm domain add
Usage:
  ffm domain add <domain> [bench] [flags]

Examples:
  ffm domain add erp.internal
  ffm domain add shop.test mybench
  ffm domain add erp.example.org prodbench --tls

Flags:
      --tls   Serve the aliases over HTTPS with Let's Encrypt instead of plain HTTP. Production benches with SSL only, and every alias must be publicly resolvable — Traefik puts them in one certificate request, so a name it cannot reach fails the whole order.

Global Flags:
      --non-interactive   Never open interactive prompts; fail with a message naming the missing flag instead. Implied when $CI or $FFM_NON_INTERACTIVE is set, or when there is no controlling terminal (set $FFM_INTERACTIVE=1 to force prompting back on)
      --verbose           Show docker compose output

=== ffm domain list
Usage:
  ffm domain list [bench] [flags]

Flags:
      --json   Print machine-readable JSON (schema ffm.domains/v1)

Global Flags:
      --non-interactive   Never open interactive prompts; fail with a message naming the missing flag instead. Implied when $CI or $FFM_NON_INTERACTIVE is set, or when there is no controlling terminal (set $FFM_INTERACTIVE=1 to force prompting back on)
      --verbose           Show docker compose output

=== ffm domain remove
Usage:
  ffm domain remove <domain> [bench] [flags]

Aliases:
  remove, rm

Global Flags:
      --non-interactive   Never open interactive prompts; fail with a message naming the missing flag instead. Implied when $CI or $FFM_NON_INTERACTIVE is set, or when there is no controlling terminal (set $FFM_INTERACTIVE=1 to force prompting back on)
      --verbose           Show docker compose output

=== ffm ffc
Usage:
  ffm ffc [name] [flags]

Global Flags:
      --non-interactive   Never open interactive prompts; fail with a message naming the missing flag instead. Implied when $CI or $FFM_NON_INTERACTIVE is set, or when there is no controlling terminal (set $FFM_INTERACTIVE=1 to force prompting back on)
      --verbose           Show docker compose output

=== ffm list
Usage:
  ffm list [flags]

Aliases:
  list, ls

Flags:
      --json   Print machine-readable JSON (schema ffm.list/v1)

Global Flags:
      --non-interactive   Never open interactive prompts; fail with a message naming the missing flag instead. Implied when $CI or $FFM_NON_INTERACTIVE is set, or when there is no controlling terminal (set $FFM_INTERACTIVE=1 to force prompting back on)
      --verbose           Show docker compose output

=== ffm login
Usage:
  ffm login [name] [flags]

Flags:
      --print         Print the login URL instead of opening it
      --user string   User to log in as (default "Administrator")

Global Flags:
      --non-interactive   Never open interactive prompts; fail with a message naming the missing flag instead. Implied when $CI or $FFM_NON_INTERACTIVE is set, or when there is no controlling terminal (set $FFM_INTERACTIVE=1 to force prompting back on)
      --verbose           Show docker compose output

=== ffm logs
Usage:
  ffm logs [name] [service] [flags]

Flags:
  -f, --follow   Follow log output (default true)

Global Flags:
      --non-interactive   Never open interactive prompts; fail with a message naming the missing flag instead. Implied when $CI or $FFM_NON_INTERACTIVE is set, or when there is no controlling terminal (set $FFM_INTERACTIVE=1 to force prompting back on)
      --verbose           Show docker compose output

=== ffm mail
Usage:
  ffm mail [name] [flags]

Flags:
      --json    Print the URL as JSON (schema ffm.url/v1)
      --print   Print the URL instead of opening it

Global Flags:
      --non-interactive   Never open interactive prompts; fail with a message naming the missing flag instead. Implied when $CI or $FFM_NON_INTERACTIVE is set, or when there is no controlling terminal (set $FFM_INTERACTIVE=1 to force prompting back on)
      --verbose           Show docker compose output

=== ffm notify
Usage:
  ffm notify [flags]
  ffm notify [command]

Available Commands:
  add         Add a notifier
  list        List notifiers (no URLs or tokens)
  remove      Forget a notifier
  test        Send a test notification

Global Flags:
      --non-interactive   Never open interactive prompts; fail with a message naming the missing flag instead. Implied when $CI or $FFM_NON_INTERACTIVE is set, or when there is no controlling terminal (set $FFM_INTERACTIVE=1 to force prompting back on)
      --verbose           Show docker compose output

Use "ffm notify [command] --help" for more information about a command.

=== ffm notify add
Usage:
  ffm notify add <name> [flags]

Examples:
  ffm notify add phone --type ntfy --url https://ntfy.sh/my-secret-topic
  echo "$SLACK_WEBHOOK" | ffm notify add team --type slack --url-stdin
  echo "$BOT_TOKEN" | ffm notify add tg --type telegram --chat-id 123456 --token-stdin
  ffm notify add hc --type healthchecks --url https://hc-ping.com/<uuid>
  ffm notify add ops --type webhook --url https://example.com/hooks/ffm --on always

Flags:
      --chat-id string   telegram: chat id
      --on string        failure (default) or always; healthchecks pings every run regardless
      --replace          Replace a notifier with the same name
      --token-stdin      Read the Telegram bot token or an ntfy access token from stdin
      --type string      webhook, ntfy, telegram, slack or healthchecks
      --url string       Endpoint URL (webhook, ntfy topic, healthchecks ping URL)
      --url-stdin        Read the URL from stdin (required for slack)

Global Flags:
      --non-interactive   Never open interactive prompts; fail with a message naming the missing flag instead. Implied when $CI or $FFM_NON_INTERACTIVE is set, or when there is no controlling terminal (set $FFM_INTERACTIVE=1 to force prompting back on)
      --verbose           Show docker compose output

=== ffm notify list
Usage:
  ffm notify list [flags]

Flags:
      --json   Print as JSON (schema ffm.notifiers/v1)

Global Flags:
      --non-interactive   Never open interactive prompts; fail with a message naming the missing flag instead. Implied when $CI or $FFM_NON_INTERACTIVE is set, or when there is no controlling terminal (set $FFM_INTERACTIVE=1 to force prompting back on)
      --verbose           Show docker compose output

=== ffm notify remove
Usage:
  ffm notify remove <name> [flags]

Global Flags:
      --non-interactive   Never open interactive prompts; fail with a message naming the missing flag instead. Implied when $CI or $FFM_NON_INTERACTIVE is set, or when there is no controlling terminal (set $FFM_INTERACTIVE=1 to force prompting back on)
      --verbose           Show docker compose output

=== ffm notify test
Usage:
  ffm notify test <name> [flags]

Global Flags:
      --non-interactive   Never open interactive prompts; fail with a message naming the missing flag instead. Implied when $CI or $FFM_NON_INTERACTIVE is set, or when there is no controlling terminal (set $FFM_INTERACTIVE=1 to force prompting back on)
      --verbose           Show docker compose output

=== ffm open
Usage:
  ffm open [name] [flags]

Flags:
      --json      Print the URL as JSON (schema ffm.url/v1)
      --mail      Open the bench's Mailpit inbox instead of the site (dev only)
      --print     Print the URL instead of opening it
      --traefik   Open the shared Traefik proxy's dashboard

Global Flags:
      --non-interactive   Never open interactive prompts; fail with a message naming the missing flag instead. Implied when $CI or $FFM_NON_INTERACTIVE is set, or when there is no controlling terminal (set $FFM_INTERACTIVE=1 to force prompting back on)
      --verbose           Show docker compose output

=== ffm poweroff
Usage:
  ffm poweroff [flags]

Flags:
      --keep-proxy   Leave the shared Traefik proxy running

Global Flags:
      --non-interactive   Never open interactive prompts; fail with a message naming the missing flag instead. Implied when $CI or $FFM_NON_INTERACTIVE is set, or when there is no controlling terminal (set $FFM_INTERACTIVE=1 to force prompting back on)
      --verbose           Show docker compose output

=== ffm proxy
Usage:
  ffm proxy [flags]
  ffm proxy [command]

Available Commands:
  start       Start the Traefik proxy (enables sitename.localhost routing)
  status      Show the current proxy status
  stop        Stop the Traefik proxy (benches remain accessible on their direct ports)

Global Flags:
      --non-interactive   Never open interactive prompts; fail with a message naming the missing flag instead. Implied when $CI or $FFM_NON_INTERACTIVE is set, or when there is no controlling terminal (set $FFM_INTERACTIVE=1 to force prompting back on)
      --verbose           Show docker compose output

Use "ffm proxy [command] --help" for more information about a command.

=== ffm proxy start
Usage:
  ffm proxy start [flags]

Global Flags:
      --non-interactive   Never open interactive prompts; fail with a message naming the missing flag instead. Implied when $CI or $FFM_NON_INTERACTIVE is set, or when there is no controlling terminal (set $FFM_INTERACTIVE=1 to force prompting back on)
      --verbose           Show docker compose output

=== ffm proxy status
Usage:
  ffm proxy status [flags]

Global Flags:
      --non-interactive   Never open interactive prompts; fail with a message naming the missing flag instead. Implied when $CI or $FFM_NON_INTERACTIVE is set, or when there is no controlling terminal (set $FFM_INTERACTIVE=1 to force prompting back on)
      --verbose           Show docker compose output

=== ffm proxy stop
Usage:
  ffm proxy stop [flags]

Global Flags:
      --non-interactive   Never open interactive prompts; fail with a message naming the missing flag instead. Implied when $CI or $FFM_NON_INTERACTIVE is set, or when there is no controlling terminal (set $FFM_INTERACTIVE=1 to force prompting back on)
      --verbose           Show docker compose output

=== ffm reconcile
Usage:
  ffm reconcile [name] [flags]

Flags:
      --dry-run        Show what would change without touching the bench
      --lan            Publish the ports on all interfaces
      --loopback       Publish the ports on 127.0.0.1 only
      --no-ssh-agent   Stop forwarding the host SSH agent
      --ssh-agent      Forward the host SSH agent into the dev container

Global Flags:
      --non-interactive   Never open interactive prompts; fail with a message naming the missing flag instead. Implied when $CI or $FFM_NON_INTERACTIVE is set, or when there is no controlling terminal (set $FFM_INTERACTIVE=1 to force prompting back on)
      --verbose           Show docker compose output

=== ffm recreate
Usage:
  ffm recreate [name] [flags]

Flags:
      --force                 Skip confirmation prompt
      --github-token string   GitHub token for private app repos (not stored in state)
      --no-backup             Do not back the bench up before tearing it down
      --proxy-host string     Override derived reverse-proxy hostname for dev (without scheme)
      --proxy-port int        Override derived reverse-proxy public port for dev (socketio_port)
      --reallocate-ports      Allocate a new web/socketio port pair instead of reusing stored ports

Global Flags:
      --non-interactive   Never open interactive prompts; fail with a message naming the missing flag instead. Implied when $CI or $FFM_NON_INTERACTIVE is set, or when there is no controlling terminal (set $FFM_INTERACTIVE=1 to force prompting back on)
      --verbose           Show docker compose output

=== ffm restart
Usage:
  ffm restart [name] [flags]

Flags:
      --fresh     With --rebuild: ignore the build cache and re-pull the base image, updating ffc, Claude Code and the other tools (implies --rebuild)
      --rebuild   Rebuild the Docker image before starting

Global Flags:
      --non-interactive   Never open interactive prompts; fail with a message naming the missing flag instead. Implied when $CI or $FFM_NON_INTERACTIVE is set, or when there is no controlling terminal (set $FFM_INTERACTIVE=1 to force prompting back on)
      --verbose           Show docker compose output

=== ffm restore
Usage:
  ffm restore <archive> [name] [flags]

Examples:
  ffm restore ~/frappe/_backups/mybench/mybench_20260826T090000Z.ffm.tar
  ffm restore mybench_20260826T090000Z.ffm.tar staging
  ffm restore mybench_20260826T090000Z.ffm.tar --dry-run
  ffm restore prod_20260826T090000Z.ffm.tar --domain erp.example.com --pin-apps
  ffm restore mybench_20260826T090000Z.ffm.tar --app my_app=git@github.com:acme/my_app.git@main

Flags:
      --acme-email string              Let's Encrypt account address for a production restore
      --admin-password string          Set a new Administrator password instead of keeping the archived one
      --allow-missing-encryption-key   Restore even though the archive has no site encryption key, accepting that Password fields (email passwords, integration secrets) will not decrypt
      --app stringArray                Clone an app from this source instead: <app>=<git-url>[@branch] (repeatable; frappe=... sets the framework's repo)
      --domain string                  Override the production domain recorded in the archive
      --dry-run                        Validate the archive and print the plan without creating anything
      --encryption-key string          Key for a GPG-encrypted database dump, when the archive does not carry it
      --github-token string            GitHub token for cloning private apps; github.com SSH sources are cloned over HTTPS with it
      --identity string                age identity file that decrypts an encrypted (.age) archive. Env: FFM_AGE_IDENTITY_FILE
      --keep-on-failure                Leave a failed restore in place for diagnosis instead of removing it
      --lan                            Publish the bench's ports on all interfaces instead of 127.0.0.1 (needed to reach it from another machine, and for dev domain aliases). Refused with the default admin password
      --no-files                       Restore the database only, without attachments
      --no-ssl                         Serve the restored production bench over plain HTTP
      --pin-apps                       Check each app out at the commit recorded in the archive instead of its branch head
      --reallocate-ports               Always assign a fresh port pair instead of reusing the archive's
      --skip-migrate                   Skip 'bench migrate' after restoring — only safe when the apps are at the backed-up versions
      --skip-space-check               Restore without checking free disk space first
      --socketio-port int              Explicit host Socket.IO port
      --ssh-agent                      Forward the host SSH agent into the dev frappe container, for SSH-URL private repos. Requires SSH_AUTH_SOCK
      --web-port int                   Explicit host web port

Global Flags:
      --non-interactive   Never open interactive prompts; fail with a message naming the missing flag instead. Implied when $CI or $FFM_NON_INTERACTIVE is set, or when there is no controlling terminal (set $FFM_INTERACTIVE=1 to force prompting back on)
      --verbose           Show docker compose output

=== ffm set-proxy
Usage:
  ffm set-proxy [name] [flags]

Flags:
      --host string   Public domain, e.g. frappe.example.com (sets per-site host_name)
      --no-ssl        Disable SSL mode even when --port 443 is used
      --port int      Public port the reverse proxy listens on (sets socketio_port) (default 443)
      --print-caddy   Print a Caddy config snippet for this bench
      --print-nginx   Print an Nginx config snippet for this bench
      --reset         Restore creation-time defaults (dev: published socketio port, no ssl; prod: port 443, ssl on)

Global Flags:
      --non-interactive   Never open interactive prompts; fail with a message naming the missing flag instead. Implied when $CI or $FFM_NON_INTERACTIVE is set, or when there is no controlling terminal (set $FFM_INTERACTIVE=1 to force prompting back on)
      --verbose           Show docker compose output

=== ffm shell
Usage:
  ffm shell [name] [flags]

Flags:
      --exec string      Run a command non-interactively and print its output
      --service string   Container service to shell into (default "frappe")

Global Flags:
      --non-interactive   Never open interactive prompts; fail with a message naming the missing flag instead. Implied when $CI or $FFM_NON_INTERACTIVE is set, or when there is no controlling terminal (set $FFM_INTERACTIVE=1 to force prompting back on)
      --verbose           Show docker compose output

=== ffm snapshot
Usage:
  ffm snapshot [flags]
  ffm snapshot [command]

Available Commands:
  create      Take a snapshot
  delete      Delete a snapshot
  list        List a bench's snapshots, newest first
  restore     Roll the bench's site back to a snapshot (the newest unless --name)

Global Flags:
      --non-interactive   Never open interactive prompts; fail with a message naming the missing flag instead. Implied when $CI or $FFM_NON_INTERACTIVE is set, or when there is no controlling terminal (set $FFM_INTERACTIVE=1 to force prompting back on)
      --verbose           Show docker compose output

Use "ffm snapshot [command] --help" for more information about a command.

=== ffm snapshot create
Usage:
  ffm snapshot create [bench] [flags]

Flags:
      --files         Also capture the site's public and private files
      --name string   Snapshot name (default: the UTC time, e.g. 20261008-104500)

Global Flags:
      --non-interactive   Never open interactive prompts; fail with a message naming the missing flag instead. Implied when $CI or $FFM_NON_INTERACTIVE is set, or when there is no controlling terminal (set $FFM_INTERACTIVE=1 to force prompting back on)
      --verbose           Show docker compose output

=== ffm snapshot delete
Usage:
  ffm snapshot delete [bench] [flags]

Aliases:
  delete, rm

Flags:
      --name string   Snapshot to delete

Global Flags:
      --non-interactive   Never open interactive prompts; fail with a message naming the missing flag instead. Implied when $CI or $FFM_NON_INTERACTIVE is set, or when there is no controlling terminal (set $FFM_INTERACTIVE=1 to force prompting back on)
      --verbose           Show docker compose output

=== ffm snapshot list
Usage:
  ffm snapshot list [bench] [flags]

Aliases:
  list, ls

Flags:
      --json   Print as JSON (schema ffm.snapshots/v1)

Global Flags:
      --non-interactive   Never open interactive prompts; fail with a message naming the missing flag instead. Implied when $CI or $FFM_NON_INTERACTIVE is set, or when there is no controlling terminal (set $FFM_INTERACTIVE=1 to force prompting back on)
      --verbose           Show docker compose output

=== ffm snapshot restore
Usage:
  ffm snapshot restore [bench] [flags]

Flags:
      --migrate       Run bench migrate afterwards
      --name string   Snapshot to restore (default: the newest)
      --yes           Do not ask first (the bench name is then required)

Global Flags:
      --non-interactive   Never open interactive prompts; fail with a message naming the missing flag instead. Implied when $CI or $FFM_NON_INTERACTIVE is set, or when there is no controlling terminal (set $FFM_INTERACTIVE=1 to force prompting back on)
      --verbose           Show docker compose output

=== ffm start
Usage:
  ffm start [name] [flags]

Global Flags:
      --non-interactive   Never open interactive prompts; fail with a message naming the missing flag instead. Implied when $CI or $FFM_NON_INTERACTIVE is set, or when there is no controlling terminal (set $FFM_INTERACTIVE=1 to force prompting back on)
      --verbose           Show docker compose output

=== ffm status
Usage:
  ffm status [name] [flags]

Flags:
      --json           Print machine-readable JSON (schema ffm.status/v1)
      --show-secrets   Include the admin and database passwords in --json output

Global Flags:
      --non-interactive   Never open interactive prompts; fail with a message naming the missing flag instead. Implied when $CI or $FFM_NON_INTERACTIVE is set, or when there is no controlling terminal (set $FFM_INTERACTIVE=1 to force prompting back on)
      --verbose           Show docker compose output

=== ffm stop
Usage:
  ffm stop [name] [flags]

Global Flags:
      --non-interactive   Never open interactive prompts; fail with a message naming the missing flag instead. Implied when $CI or $FFM_NON_INTERACTIVE is set, or when there is no controlling terminal (set $FFM_INTERACTIVE=1 to force prompting back on)
      --verbose           Show docker compose output

=== ffm test
Usage:
  ffm test <app> [bench] [flags]

Examples:
  ffm test erpnext mybench --module erpnext.accounts.doctype.account.test_account
  ffm test myapp --doctype "Sales Invoice" --junit report.xml

Flags:
      --doctype string   Only this DocType's tests
      --failfast         Stop at the first failure
      --junit string     Write a JUnit XML report to this file
      --module string    Only this module (dotted path)
      --test string      Only this test case (needs --module or --doctype)

Global Flags:
      --non-interactive   Never open interactive prompts; fail with a message naming the missing flag instead. Implied when $CI or $FFM_NON_INTERACTIVE is set, or when there is no controlling terminal (set $FFM_INTERACTIVE=1 to force prompting back on)
      --verbose           Show docker compose output

=== ffm tunnel
Usage:
  ffm tunnel [name] [flags]
  ffm tunnel [command]

Available Commands:
  server      Manage VPS tunnel server profiles

Flags:
      --allow-default-password   Publish the bench even though it still has the default admin password
      --off                      Disable the tunnel and restore direct-access Frappe settings
      --print                    Print the rendered frpc.toml without applying anything
      --server string            Tunnel server profile name (default: configured default)
      --subdomain string         Public subdomain slug (default: bench name)

Global Flags:
      --non-interactive   Never open interactive prompts; fail with a message naming the missing flag instead. Implied when $CI or $FFM_NON_INTERACTIVE is set, or when there is no controlling terminal (set $FFM_INTERACTIVE=1 to force prompting back on)
      --verbose           Show docker compose output

Use "ffm tunnel [command] --help" for more information about a command.

=== ffm tunnel server
Usage:
  ffm tunnel server [flags]
  ffm tunnel server [command]

Available Commands:
  add         Add a new tunnel server profile
  remove      Remove a tunnel server profile
  set         Edit an existing tunnel server profile
  use         Set the default tunnel server profile

Flags:
      --json           Print machine-readable JSON (schema ffm.tunnel-servers/v1)
      --show-secrets   Include auth tokens in --json output

Global Flags:
      --non-interactive   Never open interactive prompts; fail with a message naming the missing flag instead. Implied when $CI or $FFM_NON_INTERACTIVE is set, or when there is no controlling terminal (set $FFM_INTERACTIVE=1 to force prompting back on)
      --verbose           Show docker compose output

Use "ffm tunnel server [command] --help" for more information about a command.

=== ffm tunnel server add
Usage:
  ffm tunnel server add <name> [flags]

Flags:
      --base-domain string   Base domain for tunnels, e.g. tunnel.example.com
      --host string          VPS hostname or IP address
      --no-tls               Disable TLS on the frp control channel
      --port string          frps bind port (control channel), e.g. 7000
      --token string         frps auth token

Global Flags:
      --non-interactive   Never open interactive prompts; fail with a message naming the missing flag instead. Implied when $CI or $FFM_NON_INTERACTIVE is set, or when there is no controlling terminal (set $FFM_INTERACTIVE=1 to force prompting back on)
      --verbose           Show docker compose output

=== ffm tunnel server remove
Usage:
  ffm tunnel server remove <name> [flags]

Aliases:
  remove, rm, delete

Flags:
  -y, --yes   Remove without asking for confirmation

Global Flags:
      --non-interactive   Never open interactive prompts; fail with a message naming the missing flag instead. Implied when $CI or $FFM_NON_INTERACTIVE is set, or when there is no controlling terminal (set $FFM_INTERACTIVE=1 to force prompting back on)
      --verbose           Show docker compose output

=== ffm tunnel server set
Usage:
  ffm tunnel server set <name> [flags]

Flags:
      --base-domain string   Base domain for tunnels
      --host string          VPS hostname or IP address
      --no-tls               Disable TLS on the frp control channel
      --port string          frps bind port
      --token string         frps auth token

Global Flags:
      --non-interactive   Never open interactive prompts; fail with a message naming the missing flag instead. Implied when $CI or $FFM_NON_INTERACTIVE is set, or when there is no controlling terminal (set $FFM_INTERACTIVE=1 to force prompting back on)
      --verbose           Show docker compose output

=== ffm tunnel server use
Usage:
  ffm tunnel server use <name> [flags]

Global Flags:
      --non-interactive   Never open interactive prompts; fail with a message naming the missing flag instead. Implied when $CI or $FFM_NON_INTERACTIVE is set, or when there is no controlling terminal (set $FFM_INTERACTIVE=1 to force prompting back on)
      --verbose           Show docker compose output

=== ffm update
Usage:
  ffm update [flags]

Flags:
      --check   Only check for updates, do not install
  -y, --yes     Skip confirmation prompt

Global Flags:
      --non-interactive   Never open interactive prompts; fail with a message naming the missing flag instead. Implied when $CI or $FFM_NON_INTERACTIVE is set, or when there is no controlling terminal (set $FFM_INTERACTIVE=1 to force prompting back on)
      --verbose           Show docker compose output

=== ffm version
Usage:
  ffm version [flags]

Flags:
      --json   Print machine-readable JSON (schema ffm.version/v1)

Global Flags:
      --non-interactive   Never open interactive prompts; fail with a message naming the missing flag instead. Implied when $CI or $FFM_NON_INTERACTIVE is set, or when there is no controlling terminal (set $FFM_INTERACTIVE=1 to force prompting back on)
      --verbose           Show docker compose output

